Person.getFirstName() Lines:8-10
Person.getAge(int) Lines:13-14
Person.getAge(int,java.lang.Object) Lines:16-17
Person.getAge(int,java.lang.Object[]) Lines:19-20
Person.getAge(int,java.util.List) Lines:22-23
Person.getAge(int,java.util.Map) FormattedException
